---
source: src/query.rs
expression: "&query_execution_results"
---
{
    "./test_crates/inherent_method_must_use_removed/": [
        // TODO
    ]
}
