---
source: src/query.rs
expression: "&query_execution_results"
---
{
  "./test_crates/struct_must_use_added/": [
    {
      "name": String("MustUseStructToStruct"),
      "old_attr": String("#[must_use]"),
      "path": List([
        String("struct_must_use_added"),
        String("MustUseStructToStruct"),
      ]),
      "span_begin_line": Uint64(20),
      "span_end_line": Uint64(22),
      "span_filename": String("src/lib.rs"),
      "visibility_limit": String("public"),
    },
    {
      "name": String("MustUseMessageStructToStruct"),
      "old_attr": String("#[must_use = \"Foo\"]"),
      "path": List([
        String("struct_must_use_added"),
        String("MustUseMessageStructToStruct"),
      ]),
      "span_begin_line": Uint64(34),
      "span_end_line": Uint64(36),
      "span_filename": String("src/lib.rs"),
      "visibility_limit": String("public"),
    },
  ],
  "./test_crates/struct_must_use_removed/": [
    {
      "name": String("MustUseStructToStruct"),
      "old_attr": String("#[must_use]"),
      "path": List([
        String("struct_must_use_removed"),
        String("MustUseStructToStruct"),
      ]),
      "span_begin_line": Uint64(6),
      "span_end_line": Uint64(8),
      "span_filename": String("src/lib.rs"),
      "visibility_limit": String("public"),
    },
    {
      "name": String("MustUseMessageStructToStruct"),
      "old_attr": String("#[must_use = \"Foo\"]"),
      "path": List([
        String("struct_must_use_removed"),
        String("MustUseMessageStructToStruct"),
      ]),
      "span_begin_line": Uint64(10),
      "span_end_line": Uint64(12),
      "span_filename": String("src/lib.rs"),
      "visibility_limit": String("public"),
    },
  ],
}
